// Jest Snapshot v1, https://goo.gl/fbAQLP

exports[`@foxpage/foxpage-admin match snapshot 1`] = `
<div
  class="sc-bdvvtL fUPQYD"
/>
`;
