// Jest Snapshot v1, https://goo.gl/fbAQLP

exports[`component-content-edit match snapshot 1`] = `
<Provider
  store={
    Object {
      "clearActions": [Function],
      "dispatch": [Function],
      "getActions": [Function],
      "getState": [Function],
      "replaceReducer": [Function],
      "subscribe": [Function],
    }
  }
>
  <ContentEditDrawer
    content={
      Object {
        "creator": Object {
          "account": "fox-user",
          "email": "",
          "id": "user-dvbfW1qsl8qkz39",
        },
        "fileId": "file_aPa0mIILqkc8sBO",
        "id": "cont_cjS8BJyOkyVzBY8",
        "tags": Array [
          Object {
            "locale": "en-US",
          },
        ],
        "title": "promo",
        "urls": Array [
          "",
        ],
      }
    }
    locales={
      Array [
        "en-US",
      ]
    }
    onClose={[MockFunction]}
    onSave={[MockFunction]}
    open={true}
  >
    <OperationDrawer
      actions={
        <Button
          onClick={[Function]}
          type="primary"
        >
          Apply
        </Button>
      }
      anchor="right"
      canExpend={false}
      destroyOnClose={true}
      maskClosable={true}
      onClose={[MockFunction]}
      open={true}
      title="Edit"
      width={480}
    >
      <Styled(DrawerWrapper)
        closable={false}
        destroyOnClose={true}
        key="xwR-N6hyhHS"
        maskClosable={true}
        onClose={[MockFunction]}
        placement="right"
        visible={false}
        width={480}
      >
        <DrawerWrapper
          className="sc-dkPtRN cfcQnA"
          closable={false}
          destroyOnClose={true}
          maskClosable={true}
          onClose={[MockFunction]}
          placement="right"
          visible={false}
          width={480}
        >
          <Drawer
            className="sc-dkPtRN cfcQnA"
            closable={false}
            destroyOnClose={true}
            maskClosable={true}
            onClose={[MockFunction]}
            placement="right"
            prefixCls="ant-drawer"
            visible={false}
            width={480}
          >
            <DrawerWrapper
              afterVisibleChange={[Function]}
              autoFocus={true}
              className="sc-dkPtRN cfcQnA"
              defaultOpen={false}
              duration=".3s"
              ease="cubic-bezier(0.78, 0.14, 0.15, 0.86)"
              forceRender={false}
              getContainer="body"
              handler={false}
              keyboard={true}
              level={null}
              maskClosable={true}
              maskStyle={Object {}}
              onChange={[Function]}
              onClose={[MockFunction]}
              open={false}
              placement="right"
              prefixCls="ant-drawer"
              showMask={true}
              style={
                Object {
                  "transform": undefined,
                  "zIndex": undefined,
                }
              }
              width={480}
              wrapperClassName=""
            >
              <PortalWrapper
                forceRender={false}
                getContainer="body"
                visible={false}
                wrapperClassName=""
              />
            </DrawerWrapper>
          </Drawer>
        </DrawerWrapper>
      </Styled(DrawerWrapper)>
    </OperationDrawer>
  </ContentEditDrawer>
</Provider>
`;
