// Jest Snapshot v1, https://goo.gl/fbAQLP

exports[`component-file-edit match snapshot 1`] = `
<Provider
  store={
    Object {
      "clearActions": [Function],
      "dispatch": [Function],
      "getActions": [Function],
      "getState": [Function],
      "replaceReducer": [Function],
      "subscribe": [Function],
    }
  }
>
  <FileEditDrawer
    file={
      Object {
        "applicationId": "appl_yqfu8BI1BRe15fs",
        "content": Object {},
        "contentId": "cont_cjS8BJyOkyVzBY8",
        "createTime": "2021-11-19T02:14:15.321Z",
        "creator": Object {
          "account": "fox-user",
          "email": "",
          "id": "user-dvbfW1qsl8qkz39",
        },
        "deleted": false,
        "folderId": "fold_Sa3tVSnmDa8MU7v",
        "folderName": "whole-process",
        "id": "file_aPa0mIILqkc8sBO",
        "intro": "",
        "name": "promo-page",
        "online": false,
        "suffix": "html",
        "tags": Array [
          Object {
            "pathname": "eqeqeq",
          },
        ],
        "type": "page",
        "updateTime": "2021-11-19T02:14:15.322Z",
      }
    }
    onClose={[MockFunction]}
    onSave={[MockFunction]}
    open={true}
  >
    <OperationDrawer
      actions={
        <Button
          onClick={[Function]}
          type="primary"
        >
          Apply
        </Button>
      }
      anchor="right"
      canExpend={false}
      destroyOnClose={true}
      maskClosable={true}
      onClose={[MockFunction]}
      open={true}
      title="Edit"
      width={480}
    >
      <Styled(DrawerWrapper)
        closable={false}
        destroyOnClose={true}
        key="oxBuiwNnQTu"
        maskClosable={true}
        onClose={[MockFunction]}
        placement="right"
        visible={false}
        width={480}
      >
        <DrawerWrapper
          className="sc-gsDKAQ lbnDNM"
          closable={false}
          destroyOnClose={true}
          maskClosable={true}
          onClose={[MockFunction]}
          placement="right"
          visible={false}
          width={480}
        >
          <Drawer
            className="sc-gsDKAQ lbnDNM"
            closable={false}
            destroyOnClose={true}
            maskClosable={true}
            onClose={[MockFunction]}
            placement="right"
            prefixCls="ant-drawer"
            visible={false}
            width={480}
          >
            <DrawerWrapper
              afterVisibleChange={[Function]}
              autoFocus={true}
              className="sc-gsDKAQ lbnDNM"
              defaultOpen={false}
              duration=".3s"
              ease="cubic-bezier(0.78, 0.14, 0.15, 0.86)"
              forceRender={false}
              getContainer="body"
              handler={false}
              keyboard={true}
              level={null}
              maskClosable={true}
              maskStyle={Object {}}
              onChange={[Function]}
              onClose={[MockFunction]}
              open={false}
              placement="right"
              prefixCls="ant-drawer"
              showMask={true}
              style={
                Object {
                  "transform": undefined,
                  "zIndex": undefined,
                }
              }
              width={480}
              wrapperClassName=""
            >
              <PortalWrapper
                forceRender={false}
                getContainer="body"
                visible={false}
                wrapperClassName=""
              />
            </DrawerWrapper>
          </Drawer>
        </DrawerWrapper>
      </Styled(DrawerWrapper)>
    </OperationDrawer>
  </FileEditDrawer>
</Provider>
`;
