// Jest Snapshot v1, https://goo.gl/fbAQLP

exports[`builder-condition-edit-drawer match snapshot 1`] = `
<Provider
  store={
    Object {
      "clearActions": [Function],
      "dispatch": [Function],
      "getActions": [Function],
      "getState": [Function],
      "replaceReducer": [Function],
      "subscribe": [Function],
    }
  }
>
  <Connect(EditDrawer)>
    <EditDrawer
      applicationId="appl_uagWz8CC8WxD3Ux"
      closeDrawer={[Function]}
      drawerType="edit"
      folderId="fold_kPrzikuRoPxg9gg"
      func={
        Object {
          "content": Object {
            "id": "cont_moorQo6e8hsk7tp",
            "schemas": Array [
              Object {
                "name": "function1",
                "props": Object {
                  "async": false,
                  "code": "function(a,b){ return a+b }",
                },
                "type": "javascript.function",
              },
            ],
          },
          "contentId": "cont_moorQo6e8hsk7tp",
          "id": "file_hdjbiL2p8k4bjPK",
          "name": "function1",
          "type": "function",
        }
      }
      saveFunction={[Function]}
      updateFunction={[Function]}
      visible={true}
    >
      <OperationDrawer
        actions={
          <Button
            onClick={[Function]}
            type="primary"
          >
            Apply
          </Button>
        }
        anchor="right"
        canExpend={false}
        destroyOnClose={true}
        maskClosable={true}
        onClose={[Function]}
        open={true}
        title="Edit"
        width={550}
      >
        <Styled(DrawerWrapper)
          closable={false}
          destroyOnClose={true}
          key="kkIRaad4dan"
          maskClosable={true}
          onClose={[Function]}
          placement="right"
          visible={false}
          width={550}
        >
          <DrawerWrapper
            className="sc-gsDKAQ lbnDNM"
            closable={false}
            destroyOnClose={true}
            maskClosable={true}
            onClose={[Function]}
            placement="right"
            visible={false}
            width={550}
          >
            <Drawer
              className="sc-gsDKAQ lbnDNM"
              closable={false}
              destroyOnClose={true}
              maskClosable={true}
              onClose={[Function]}
              placement="right"
              prefixCls="ant-drawer"
              visible={false}
              width={550}
            >
              <DrawerWrapper
                afterVisibleChange={[Function]}
                autoFocus={true}
                className="sc-gsDKAQ lbnDNM"
                defaultOpen={false}
                duration=".3s"
                ease="cubic-bezier(0.78, 0.14, 0.15, 0.86)"
                forceRender={false}
                getContainer="body"
                handler={false}
                keyboard={true}
                level={null}
                maskClosable={true}
                maskStyle={Object {}}
                onChange={[Function]}
                onClose={[Function]}
                open={false}
                placement="right"
                prefixCls="ant-drawer"
                showMask={true}
                style={
                  Object {
                    "transform": undefined,
                    "zIndex": undefined,
                  }
                }
                width={550}
                wrapperClassName=""
              >
                <PortalWrapper
                  forceRender={false}
                  getContainer="body"
                  visible={false}
                  wrapperClassName=""
                />
              </DrawerWrapper>
            </Drawer>
          </DrawerWrapper>
        </Styled(DrawerWrapper)>
      </OperationDrawer>
    </EditDrawer>
  </Connect(EditDrawer)>
</Provider>
`;
